[2026-09-08 16:03:40,632: INFO: main: Welcome to our custom log]
[2026-09-09 23:25:25,586: INFO: common: yaml file: config/config.yaml loaded successfully]
[2026-09-09 23:25:25,589: INFO: common: yaml file: params.yaml loaded successfully]
[2026-09-09 23:30:25,229: INFO: common: yaml file: config/config.yaml loaded successfully]
[2026-09-09 23:30:25,231: INFO: common: yaml file: params.yaml loaded successfully]
[2026-09-10 16:39:16,464: INFO: common: yaml file: config/config.yaml loaded successfully]
[2026-09-10 16:39:16,465: INFO: common: yaml file: params.yaml loaded successfully]
[2026-09-10 16:45:48,269: INFO: common: yaml file: config/config.yaml loaded successfully]
[2026-09-10 16:45:48,272: INFO: common: yaml file: params.yaml loaded successfully]
[2026-09-10 16:45:48,272: INFO: common: created directory at: artifacts]
[2026-09-10 16:45:48,273: INFO: common: created directory at: artifacts/data_ingestion]
[2026-09-10 16:45:48,275: INFO: 2085442592: Downloading data from https://drive.google.com/file/d/1vlhZ5c7abUKF8xXERIw6m9Te8fW7ohw3/view?usp=sharing into file artifacts/data_ingestion/data.zip]
[2026-09-10 16:45:55,613: INFO: 2085442592: Downloaded data from https://drive.google.com/file/d/1vlhZ5c7abUKF8xXERIw6m9Te8fW7ohw3/view?usp=sharing into file artifacts/data_ingestion/data.zip]
[2026-09-10 22:52:25,706: INFO: common: yaml file: config/config.yaml loaded successfully]
[2026-09-10 22:52:25,709: INFO: common: yaml file: params.yaml loaded successfully]
[2026-09-10 22:52:25,711: INFO: common: created directory at: artifacts]
[2026-09-10 22:52:25,712: INFO: common: created directory at: artifacts/prepare_base_model]
[2026-09-10 22:52:32,922: WARNING: saving_utils: Compiled the loaded model, but the compiled metrics have yet to be built. `model.compile_metrics` will be empty until you train or evaluate the model.]
[2026-09-10 22:52:32,992: WARNING: optimizer: At this time, the v2.11+ optimizer `tf.keras.optimizers.SGD` runs slowly on M1/M2 Macs, please use the legacy Keras optimizer instead, located at `tf.keras.optimizers.legacy.SGD`.]
[2026-09-10 22:52:32,994: WARNING: __init__: There is a known slowdown when using v2.11+ Keras optimizers on M1/M2 Macs. Falling back to the legacy Keras optimizer, i.e., `tf.keras.optimizers.legacy.SGD`.]
[2026-09-11 22:46:43,685: INFO: common: yaml file: config/config.yaml loaded successfully]
[2026-09-11 22:46:43,688: INFO: common: yaml file: params.yaml loaded successfully]
[2026-09-11 22:46:43,689: INFO: common: created directory at: artifacts]
[2026-09-11 22:46:43,692: INFO: common: created directory at: artifacts/training]
[2026-09-11 22:48:00,605: INFO: common: yaml file: config/config.yaml loaded successfully]
[2026-09-11 22:48:00,612: INFO: common: yaml file: params.yaml loaded successfully]
[2026-09-11 22:48:00,614: INFO: common: created directory at: artifacts]
[2026-09-11 22:48:00,615: INFO: common: created directory at: artifacts/training]
